 Image excel-importer-app Building 
permission denied while trying to connect to the docker API at unix:///var/run/docker.sock

